22:09:32 **** Incremental Build of configuration Debug for project ucp_app ****
make all 
'Building file: ../src/init_system.c'
'Invoking: MicroBlaze gcc compiler'
mb-gcc -Wall -O0 -g3 -c -fmessage-length=0 -MT"src/init_system.o" -IC:/Users/alise/Desktop/VIVADO/PROJECTS/UART_COMMAND_PARSER/vitis/design_1_wrapper/export/design_1_wrapper/sw/design_1_wrapper/domain_microblaze_0/bspinclude/include -mlittle-endian -mcpu=v11.0 -mxl-soft-mul -Wl,--no-relax -ffunction-sections -fdata-sections -MMD -MP -MF"src/init_system.d" -MT"src/init_system.o" -o "src/init_system.o" "../src/init_system.c"
../src/init_system.c:9:16: warning: 'RECV_INDEX' initialized and declared 'extern'
    9 | extern uint8_t RECV_INDEX = 0;
      |                ^~~~~~~~~~
../src/init_system.c:10:16: warning: 'RECV_ARRAY' initialized and declared 'extern'
   10 | extern uint8_t RECV_ARRAY[100]={};
      |                ^~~~~~~~~~
../src/init_system.c:11:16: warning: 'UART_RECV_DONE' initialized and declared 'extern'
   11 | extern uint8_t UART_RECV_DONE = 0x00;
      |                ^~~~~~~~~~~~~~
'Finished building: ../src/init_system.c'
' '
'Building file: ../src/main.c'
'Invoking: MicroBlaze gcc compiler'
mb-gcc -Wall -O0 -g3 -c -fmessage-length=0 -MT"src/main.o" -IC:/Users/alise/Desktop/VIVADO/PROJECTS/UART_COMMAND_PARSER/vitis/design_1_wrapper/export/design_1_wrapper/sw/design_1_wrapper/domain_microblaze_0/bspinclude/include -mlittle-endian -mcpu=v11.0 -mxl-soft-mul -Wl,--no-relax -ffunction-sections -fdata-sections -MMD -MP -MF"src/main.d" -MT"src/main.o" -o "src/main.o" "../src/main.c"
../src/main.c: In function 'main':
../src/main.c:29:10: warning: unused variable 'UART_RECV_DONE' [-Wunused-variable]
   29 |  uint8_t UART_RECV_DONE = 0x00;
      |          ^~~~~~~~~~~~~~
../src/main.c:28:10: warning: unused variable 'RECV_ARRAY' [-Wunused-variable]
   28 |  uint8_t RECV_ARRAY[100];
      |          ^~~~~~~~~~
../src/main.c:27:10: warning: unused variable 'RECV_INDEX' [-Wunused-variable]
   27 |  uint8_t RECV_INDEX = 0;
      |          ^~~~~~~~~~
'Finished building: ../src/main.c'
' '
'Building target: ucp_app.elf'
'Invoking: MicroBlaze gcc linker'
mb-gcc -Wl,-T -Wl,../src/lscript.ld -LC:/Users/alise/Desktop/VIVADO/PROJECTS/UART_COMMAND_PARSER/vitis/design_1_wrapper/export/design_1_wrapper/sw/design_1_wrapper/domain_microblaze_0/bsplib/lib -mlittle-endian -mcpu=v11.0 -mxl-soft-mul -Wl,--no-relax -Wl,--gc-sections -o "ucp_app.elf"  ./src/init_system.o ./src/main.o   -Wl,--start-group,-lxil,-lgcc,-lc,--end-group
'Finished building target: ucp_app.elf'
' '
'Invoking: MicroBlaze Print Size'
mb-size ucp_app.elf  |tee "ucp_app.elf.size"
   text	   data	    bss	    dec	    hex	filename
  12888	    340	   3468	  16696	   4138	ucp_app.elf
'Finished building: ucp_app.elf.size'
' '

22:09:33 Build Finished (took 688ms)

